Flutter crash report.
Please report a bug at https://github.com/flutter/flutter/issues.

## command

flutter test test/infrastructure/security/master_password_store_test.dart:11 test/infrastructure/security/master_password_store_test.dart:12

## exception

ArgumentError: Invalid argument(s): Illegal character in path

```
#0      _Uri._checkWindowsPathReservedCharacters (dart:core/uri.dart:2169:11)
#1      _Uri._makeWindowsFileUrl (dart:core/uri.dart:2242:7)
#2      new _Uri.file (dart:core/uri.dart:2132:11)
#3      TestCommand._parseTestArgument (package:flutter_tools/src/commands/test.dart:771:16)
#4      MappedListIterable.elementAt (dart:_internal/iterable.dart:442:31)
#5      ListIterator.moveNext (dart:_internal/iterable.dart:371:26)
#6      new _GrowableList._ofEfficientLengthIterable (dart:core-patch/growable_array.dart:194:27)
#7      new _GrowableList.of (dart:core-patch/growable_array.dart:154:28)
#8      new List.of (dart:core-patch/array_patch.dart:39:18)
#9      ListIterable.toList (dart:_internal/iterable.dart:224:7)
#10     TestCommand.verifyThenRunCommand (package:flutter_tools/src/commands/test.dart:346:73)
#11     FlutterCommand.run.<anonymous closure> (package:flutter_tools/src/runner/flutter_command.dart:1590:33)
<asynchronous suspension>
#12     AppContext.run.<anonymous closure> (package:flutter_tools/src/base/context.dart:154:19)
<asynchronous suspension>
#13     CommandRunner.runCommand (package:args/command_runner.dart:212:13)
<asynchronous suspension>
#14     FlutterCommandRunner.runCommand.<anonymous closure> (package:flutter_tools/src/runner/flutter_command_runner.dart:496:9)
<asynchronous suspension>
#15     AppContext.run.<anonymous closure> (package:flutter_tools/src/base/context.dart:154:19)
<asynchronous suspension>
#16     FlutterCommandRunner.runCommand (package:flutter_tools/src/runner/flutter_command_runner.dart:431:5)
<asynchronous suspension>
#17     FlutterCommandRunner.run.<anonymous closure> (package:flutter_tools/src/runner/flutter_command_runner.dart:307:33)
<asynchronous suspension>
#18     run.<anonymous closure>.<anonymous closure> (package:flutter_tools/runner.dart:104:11)
<asynchronous suspension>
#19     AppContext.run.<anonymous closure> (package:flutter_tools/src/base/context.dart:154:19)
<asynchronous suspension>
#20     main (package:flutter_tools/executable.dart:103:3)
<asynchronous suspension>
```

## flutter doctor

```
[✓] Flutter (Channel stable, 3.41.1, on Microsoft Windows [Versi¢n 10.0.19045.6466], locale es-CO) [770ms]
    • Flutter version 3.41.1 on channel stable at C:\tools\flutter
    • Upstream repository https://github.com/flutter/flutter.git
    • Framework revision 582a0e7c55 (3 months ago), 2026-02-12 17:12:32 -0800
    • Engine revision 3452d735bd
    • Dart version 3.11.0
    • DevTools version 2.54.1
    • Feature flags: enable-web, enable-linux-desktop, enable-macos-desktop, enable-windows-desktop, enable-android, enable-ios, cli-animations, enable-native-assets, omit-legacy-version-file, enable-lldb-debugging, enable-uiscene-migration

[✓] Windows Version (10 Pro 64 bits, 22H2, 2009) [6,0s]

[✗] Android toolchain - develop for Android devices [292ms]
    ✗ Unable to locate Android SDK.
      Install Android Studio from: https://developer.android.com/studio/index.html
      On first launch it will assist you in installing the Android SDK components.
      (or visit https://flutter.dev/to/windows-android-setup for detailed instructions).
      If the Android SDK has been installed to a custom location, please use
      `flutter config --android-sdk` to update to that location.


[✓] Chrome - develop for the web [262ms]
    • Chrome at C:\Program Files\Google\Chrome\Application\chrome.exe

[✓] Visual Studio - develop Windows apps (Visual Studio Build Tools 2022 17.14.33 (May 2026)) [260ms]
    • Visual Studio at C:\Program Files (x86)\Microsoft Visual Studio\2022\BuildTools
    • Visual Studio Build Tools 2022 version 17.14.37314.3
    • Windows 10 SDK version 10.0.26100.0

[✓] Connected device (3 available) [171ms]
    • Windows (desktop) • windows • windows-x64    • Microsoft Windows [Versi¢n 10.0.19045.6466]
    • Chrome (web)      • chrome  • web-javascript • Google Chrome 147.0.7727.138
    • Edge (web)        • edge    • web-javascript • Microsoft Edge 148.0.3967.83

[✓] Network resources [651ms]
    • All expected network resources are available.

! Doctor found issues in 1 category.
```
